// Jest Snapshot v1, https://goo.gl/fbAQLP

exports[`molecules/Menu snapshot test 1`] = `
<div>
  <button
    aria-describedby="popup-1"
    type="button"
  >
    trigger
  </button>
</div>
`;
