// Jest Snapshot v1, https://goo.gl/fbAQLP

exports[`TextInput snapshot test 1`] = `
.emotion-0>input {
  width: 100%;
  --tw-bg-opacity: 1;
  background-color: rgba(243, 244, 246, var(--tw-bg-opacity));
  border-radius: 0.25rem;
  border-width: 1px;
  --tw-border-opacity: 1;
  border-color: rgba(156, 163, 175, var(--tw-border-opacity));
}

.emotion-0>input:focus {
  outline: 2px solid transparent;
  outline-offset: 2px;
  --tw-border-opacity: 1;
  border-color: rgba(99, 102, 241, var(--tw-border-opacity));
}

.emotion-0>.error {
  --tw-text-opacity: 1;
  color: rgba(239, 68, 68, var(--tw-text-opacity));
}

<div>
  <div
    class="emotion-0 emotion-1"
  >
    <label>
      textinput label
    </label>
    <input
      aria-invalid="false"
      aria-label="textinput label"
      type="text"
    />
  </div>
</div>
`;
