// Jest Snapshot v1, https://goo.gl/fbAQLP

exports[`atoms/icons/TvIcon snapshot test 1`] = `
<div>
  <svg
    class="emotion-0 emotion-1"
    fill="none"
    height="24"
    stroke="currentColor"
    viewBox="0 0 24 24"
    width="24"
    xmlns="http://www.w3.org/2000/svg"
  >
    <path
      d="M9.75 17L9 20l-1 1h8l-1-1-.75-3M3 13h18M5 17h14a2 2 0 002-2V5a2 2 0 00-2-2H5a2 2 0 00-2 2v10a2 2 0 002 2z"
      stroke-linecap="round"
      stroke-linejoin="round"
      stroke-width="2"
    />
  </svg>
</div>
`;
